(selected_signal_assignment
  (expression
    (relation
      (shift_expression
        (simple_expression
          (term
            (primary<v>
              (name<v>
                (identifier
                  Command
                )
              )
            )
          )
        )
      )
    )
  )
  (target<v>
    (name<v>
      (identifier
        DataOut
      )
    )
  )
  (options
    
  )
  (selected_waveforms
    (waveform<v>
      (waveform_element
        (expression
          (relation
            (shift_expression
              (simple_expression
                (term
                  (primary<v>
                    (name<v>
                      (identifier
                        InA
                      )
                    )
                  )
                )
              )
            )
          ),
          (operator: AND),
          (relation
            (shift_expression
              (simple_expression
                (term
                  (primary<v>
                    (name<v>
                      (identifier
                        InB
                      )
                    )
                  )
                )
              )
            )
          )
        )
      )
    )
    (choices
      (choice<v>
        (simple_expression
          (term
            (primary<v>
              (literal<v>
                (string_literal
                  000
                )
              )
            )
          )
        )
      )
    ),
    (waveform<v>
      (waveform_element
        (expression
          (relation
            (shift_expression
              (simple_expression
                (term
                  (primary<v>
                    (literal<v>
                      (enumeration_literal<v>
                        (character_literal
                          'Z'
                        )
                      )
                    )
                  )
                )
              )
            )
          )
        )
      )
    )
    (choices
      (choice<v>
        (keyword
          OTHERS
        )
      )
    )
  )
)
