(choices
  (choice<v>
    (simple_expression
      (term
        (primary<v>
          (name<v>
            (identifier
              X
            )
          )
        )
      )
    )
  ),
  (choice<v>
    (keyword
      OTHERS
    )
  ),
  (choice<v>
    (keyword
      OTHERS
    )
  ),
  (choice<v>
    (simple_expression
      (term
        (primary<v>
          (name<v>
            (identifier
              Others_
            )
          )
        )
      )
    )
  )
)
