(conditional_signal_assignment
  (target<v>
    (name<v>
      (identifier
        output
      )
    )
  )
  (conditional_waveforms
    (waveform<v>
      (waveform_element
        (expression
          (relation
            (shift_expression
              (simple_expression
                (term
                  (primary<v>
                    (name<v>
                      (identifier
                        input0
                      )
                    )
                  )
                )
              )
            )
          )
        )
      )
    ),
    (expression
      (relation
        (shift_expression
          (simple_expression
            (term
              (primary<v>
                (name<v>
                  (identifier
                    sel
                  )
                )
              )
            )
          )
        ),
        (operator: EQUAL),
        (shift_expression
          (simple_expression
            (term
              (primary<v>
                (literal<v>
                  (enumeration_literal<v>
                    (character_literal
                      '0'
                    )
                  )
                )
              )
            )
          )
        )
      )
    )
    (waveform<v>
      (waveform_element
        (expression
          (relation
            (shift_expression
              (simple_expression
                (term
                  (primary<v>
                    (name<v>
                      (identifier
                        input1
                      )
                    )
                  )
                )
              )
            )
          )
        )
      )
    )
  )
)
