(simple_expression
  sign: SIGN_NEG,
  (term
    (primary<v>
      (literal<v>
        (numeric_literal<v>
          (abstract_literal<v>
            (decimal_literal
              literal: 42, type: integer
            )
          )
        )
      )
    ),
    (operator: MUL),
    (primary<v>
      (literal<v>
        (numeric_literal<v>
          (abstract_literal<v>
            (decimal_literal
              literal: 66, type: integer
            )
          )
        )
      )
    )
  ),
  (operator: ADD),
  (term
    (primary<v>
      (literal<v>
        (numeric_literal<v>
          (abstract_literal<v>
            (decimal_literal
              literal: 18, type: integer
            )
          )
        )
      )
    ),
    (operator: MUL),
    (primary<v>
      (literal<v>
        (numeric_literal<v>
          (abstract_literal<v>
            (decimal_literal
              literal: 88, type: integer
            )
          )
        )
      )
    )
  )
)
