(wait_statement
  (sensitivity_clause
    (sensitivity_list
      (name<v>
        (identifier
          EN
        )
      )
    )
  )(condition_clause
    (condition
      (expression
        (relation
          (shift_expression
            (simple_expression
              term: (term
                (primary<v>
                  (name<v>
                    (identifier
                      EN
                    )
                  )
                )
              )
            )
          ),
          operator: EQUAL,
          (shift_expression
            (simple_expression
              term: (term
                (primary<v>
                  (literal<v>
                    (enumeration_literal<v>
                      (character_literal
                        '1'
                      )
                    )
                  )
                )
              )
            )
          )
        )
      )
    )
  )(timeout_clause
    (expression
      (relation
        (shift_expression
          (simple_expression
            term: (term
              (primary<v>
                (literal<v>
                  (numeric_literal<v>
                    (physical_literal
                      literal: (abstract_literal<v>
                        (decimal_literal
                          literal: 1, hint: int
                        )
                      ),
                      unit: ms
                    )
                  )
                )
              )
            )
          )
        )
      )
    )
  )
)
