(variable_assignment_statement
  (identifier
    label_
  )
  (target<v>
    (name<v>
      (identifier
        target
      )
    )
  )
  (expression
    (relation
      (shift_expression
        (simple_expression
          (term
            (primary<v>
              (name<v>
                (identifier
                  expression
                )
              )
            )
          )
        )
      )
    )
  )
)
