(assertion
  (condition
    (expression
      (relation
        (shift_expression
          (simple_expression
            (term
              (primary<v>
                (literal<v>
                  (numeric_literal<v>
                    (abstract_literal<v>
                      (decimal_literal
                        literal: 0, hint: int
                      )
                    )
                  )
                )
              )
            )
          )
        ),
        operator: EQUAL,
        (shift_expression
          (simple_expression
            (term
              (primary<v>
                (literal<v>
                  (numeric_literal<v>
                    (abstract_literal<v>
                      (decimal_literal
                        literal: 1, hint: int
                      )
                    )
                  )
                )
              )
            )
          )
        )
      )
    )
  )
  (assertion.report
    (expression
      (relation
        (shift_expression
          (simple_expression
            (term
              (primary<v>
                (literal<v>
                  (string_literal
                    Damn - can't be
                  )
                )
              )
            )
          )
        )
      )
    )
  )
  (assertion.severity
    (expression
      (relation
        (shift_expression
          (simple_expression
            (term
              (primary<v>
                (name<v>
                  (identifier
                    Dont_Care_About
                  )
                )
              )
            )
          )
        )
      )
    )
  )
)
