(package_declaration
  (identifier
    package_name
  )
  (package_declarative_part
    (package_declarative_item<v>
      (constant_declaration
        (identifier_list
          (identifier
            SOME_FLAG
          )
        )
        (subtype_indication
          (type_mark<v>
            (name<v>
              (identifier
                bit_vector
              )
            )
          )
        )
        (expression
          (relation
            (shift_expression
              (simple_expression
                (term
                  (primary<v>
                    (literal<v>
                      (string_literal
                        11111111
                      )
                    )
                  )
                )
              )
            )
          )
        )
      )
    ),
    (package_declarative_item<v>
      (type_declaration
        (identifier
          STATE
        )
        (type_definition<v>
          (scalar_type_definition<v>
            (enumeration_type_definition
              (enumeration_literal<v>
                (identifier
                  RESET
                )
              ),
              (enumeration_literal<v>
                (identifier
                  IDLE
                )
              ),
              (enumeration_literal<v>
                (identifier
                  ACKA
                )
              )
            )
          )
        )
      )
    )
  )
  (identifier
    package_name
  )
)
