(association_list
  (association_element
    (formal_part
      (formal_designator<v>
        (name<v>
          (identifier
            generic_name
          )
        )
      )
    )
    (actual_part<v>
      (actual_designator<v>
        (name<v>
          (identifier
            actual_part
          )
        )
      )
    )
  ),
  (association_element
    (formal_part
      (formal_designator<v>
        (name<v>
          (identifier
            parameter_name
          )
        )
      )
    )
    (actual_part<v>
      (actual_designator<v>
        (name<v>
          (identifier
            variable_name
          )
        )
      )
    )
  )
)
