(association_list
  (association_element
    (formal_part
      ({function_name|type_mark}<v>
        (name<v>
          (identifier
            function_open
          )
        )
      ),
      (formal_designator<v>
        (name<v>
          (identifier
            formal_designator
          )
        )
      )
    )
    (actual_part<v>
      (actual_designator<v>
        (keyword
          OPEN
        )
      )
    )
  ),
  (association_element
    (formal_part
      ({function_name|type_mark}<v>
        (name<v>
          (identifier
            function_close
          )
        )
      ),
      (formal_designator<v>
        (name<v>
          (identifier
            parameter_name
          )
        )
      )
    )
    (actual_part<v>
      (actual_designator<v>
        (name<v>
          (identifier
            signal_name
          )
        )
      )
    )
  )
)
