(attribute_name
  (prefix<v>
    (name<v>
      (simple_name
        Foo
      )
    )
  )
  (signature
    (signature.parameter_type(s)
      (type_mark<v>
        (simple_name
          A
        )
      ),
      (type_mark<v>
        (simple_name
          B
        )
      )
    )
    (signature.return_type
      (type_mark<v>
        (simple_name
          C
        )
      )
    )
  )
  (attribute_designator
    (simple_name
      Buzz
    )
  )
  (expression
    (relation
      (shift_expression
        (simple_expression
          term: (term
            (primary<v>
              (literal<v>
                (numeric_literal<v>
                  (abstract_literal<v>
                    (decimal_literal
                      literal: 42, hint: int
                    )
                  )
                )
              )
            )
          )
        )
      )
    )
  )
)
