(attribute_name
  (prefix<v>
    (name<v>
      (identifier
        Foo
      )
    )
  )
  (signature
    (name<v>
      (identifier
        A
      )
    ),
    (name<v>
      (identifier
        B
      )
    )
    (signature.return_type
      (name<v>
        (identifier
          C
        )
      )
    )
  )
  (attribute_designator
    (identifier
      Buzz
    )
  )
  (expression
    (relation
      (shift_expression
        (simple_expression
          (term
            (primary<v>
              (literal<v>
                (numeric_literal<v>
                  (abstract_literal<v>
                    (decimal_literal
                      literal: 42, hint: int
                    )
                  )
                )
              )
            )
          )
        )
      )
    )
  )
)
