(sequential_statement<v>
  (variable_assignment_statement
    (target<v>
      (name<v>
        (identifier
          var
        )
      )
    )
    (expression
      (relation
        (shift_expression
          (simple_expression
            (term
              (primary<v>
                (name<v>
                  (identifier
                    foo
                  )
                )
              )
            )
          )
        )
      )
    )
  )
)
