(next_statement
  (expression
    (relation
      (shift_expression
        (simple_expression
          (term
            (primary<v>
              (name<v>
                (identifier
                  A
                )
              )
            )
          )
        )
      ),
      (operator: NOT_EQUALS),
      (shift_expression
        (simple_expression
          (term
            (primary<v>
              (name<v>
                (identifier
                  B
                )
              )
            )
          )
        )
      )
    )
  )
)
