(relation=(shift_expression=(simple_expression=(term={
(v:primary=(v:name=(simple_name=a)))})
operator=+(term={
(v:primary=(v:name=(simple_name=b)))})))
operator=>
(shift_expression=(simple_expression=(term={
(v:primary=(v:name=(simple_name=c)))})
operator=-(term={
(factor_unary_operation={
operator=NOT
primary=(v:literal=(string_literal=101))
})}))))