(relation
  (shift_expression
    (simple_expression
      term: (term
        (primary<v>
          (name<v>
            (identifier
              a
            )
          )
        )
      ),
      operator: ADD,
      (term
        (primary<v>
          (name<v>
            (identifier
              b
            )
          )
        )
      )
    )
  ),
  operator: GREATER,
  (shift_expression
    (simple_expression
      term: (term
        (primary<v>
          (name<v>
            (identifier
              c
            )
          )
        )
      ),
      operator: SUB,
      (term
        (factor_unary_operation
          operator: NOT,
          primary: (literal<v>
            (string_literal
              101
            )
          )
        )
      )
    )
  )
)
