(configuration_declaration
  (identifier
    MUX2_specified_CFG
  )
  (name<v>
    (identifier
      MUX2
    )
  )
  (block_configuration
    (block_specification<v>
      (identifier
        STRUCTURE
      )
    )
    (use_clause*
      ()
    )
    (configuration_item*
      (configuration_item<v>
        (component_configuration
          (component_specification
            (instantiation_list<v>
              (label*
                (identifier
                  G2
                )
              )
            )
            (name<v>
              (identifier
                AOI
              )
            )
          )
          (binding_indication
            (entity_aspect<v>
              (entity_aspect::entity
                (name<v>
                  (identifier
                    work_AOI
                  )
                )
                (identifier
                  v1
                )
              )
            )
            (generic_map_aspect
              (association_list
                ()
              )
            )
            (port_map_aspect
              (association_list
                ()
              )
            )
          )
        )
      )
    )
  )
  (identifier
    MUX2_specified_CFG
  )
)
