(type_declaration<v>
  (scalar_type_definition<v>
    (physical_type_definition
      (range<v>
        (simple_expression
          (term
            (primary<v>
              (literal<v>
                (numeric_literal<v>
                  (abstract_literal<v>
                    (decimal_literal
                      literal: 0, hint: int
                    )
                  )
                )
              )
            )
          )
        )
        (keyword
          TO
        )
        (simple_expression
          (term
            (primary<v>
              (literal<v>
                (numeric_literal<v>
                  (abstract_literal<v>
                    (decimal_literal
                      literal: 1E5, hint: int
                    )
                  )
                )
              )
            )
          )
        )
      )
      (identifier
        pF
      )
      (secondary_unit_declaration
        (identifier
          nF
        )
        (physical_literal
          literal: (abstract_literal<v>
            (decimal_literal
              literal: 1000, hint: int
            )
          ),
          unit: pF
        )
      )
      (identifier
        CAPACITY
      )
    )
  )
)
