(simple_expression=(term={
(factor_binary_operation={
operator=**
primary_lhs=(v:literal=(v:numeric_literal=(v:abstract_literal=(decimal_literal={l=66, tag=int}))))
primary_rhs=(v:literal=(v:numeric_literal=(v:abstract_literal=(decimal_literal={l=42, tag=int}))))
})
operator=*
factor=(v:primary=(v:literal=(v:numeric_literal=(v:abstract_literal=(based_literal={b=16, n=AFFE})))))}))