(simple_expression
  term: (term
    (factor_binary_operation
      primary_lhs: (literal<v>
        (numeric_literal<v>
          (abstract_literal<v>
            (decimal_literal
              literal: 66, hint: int
            )
          )
        )
      )
      operator: EXPONENT,
      primary_rhs: (literal<v>
        (numeric_literal<v>
          (abstract_literal<v>
            (decimal_literal
              literal: 42, hint: int
            )
          )
        )
      )
    ),
    operator: MUL,
    (primary<v>
      (literal<v>
        (numeric_literal<v>
          (abstract_literal<v>
            (based_literal
              base: 16, number: AFFE
            )
          )
        )
      )
    )
  )
)
