(aggregate
  (element_association
    (expression
      (relation
        (shift_expression
          (simple_expression
            (term
              (primary<v>
                (literal<v>
                  (numeric_literal<v>
                    (abstract_literal<v>
                      (decimal_literal
                        literal: 1, type: integer
                      )
                    )
                  )
                )
              )
            )
          )
        )
      )
    )
  ),
  (element_association
    (expression
      (relation
        (shift_expression
          (simple_expression
            (term
              (primary<v>
                (literal<v>
                  (numeric_literal<v>
                    (abstract_literal<v>
                      (decimal_literal
                        literal: 2, type: integer
                      )
                    )
                  )
                )
              )
            )
          )
        )
      )
    )
  ),
  (element_association
    (expression
      (relation
        (shift_expression
          (simple_expression
            (term
              (primary<v>
                (literal<v>
                  (numeric_literal<v>
                    (abstract_literal<v>
                      (decimal_literal
                        literal: 3, type: integer
                      )
                    )
                  )
                )
              )
            )
          )
        )
      )
    )
  ),
  (element_association
    (expression
      (relation
        (shift_expression
          (simple_expression
            (term
              (primary<v>
                (literal<v>
                  (numeric_literal<v>
                    (abstract_literal<v>
                      (decimal_literal
                        literal: 4, type: integer
                      )
                    )
                  )
                )
              )
            )
          )
        )
      )
    )
  )
)
