(element_declaration
  (identifier_list
    (identifier
      YEAR
    )
  )
  (subtype_indication
    (name<v>
      (identifier
        INTEGER
      )
    )
    (constraint<v>
      (range<v>
        (simple_expression
          (term
            (primary<v>
              (literal<v>
                (numeric_literal<v>
                  (abstract_literal<v>
                    (decimal_literal
                      literal: 0, hint: int
                    )
                  )
                )
              )
            )
          )
        )
        (keyword
          TO
        )
        (simple_expression
          (term
            (primary<v>
              (literal<v>
                (numeric_literal<v>
                  (abstract_literal<v>
                    (decimal_literal
                      literal: 4000, hint: int
                    )
                  )
                )
              )
            )
          )
        )
      )
    )
  )
)
