(conditional_signal_assignment
  (target<v>
    (name<v>
      (identifier
        b
      )
    )
  )
  (conditional_waveforms
    (waveform<v>
      (waveform_element
        (expression
          (relation
            (shift_expression
              (simple_expression
                (term
                  (primary<v>
                    (literal<v>
                      (string_literal
                        1000
                      )
                    )
                  )
                )
              )
            )
          )
        )
      )
    ),
    (expression
      (relation
        (shift_expression
          (simple_expression
            (term
              (primary<v>
                (name<v>
                  (identifier
                    a
                  )
                )
              )
            )
          )
        ),
        (operator: EQUAL),
        (shift_expression
          (simple_expression
            (term
              (primary<v>
                (literal<v>
                  (string_literal
                    00
                  )
                )
              )
            )
          )
        )
      )
    ),
    (waveform<v>
      (waveform_element
        (expression
          (relation
            (shift_expression
              (simple_expression
                (term
                  (primary<v>
                    (literal<v>
                      (string_literal
                        0100
                      )
                    )
                  )
                )
              )
            )
          )
        )
      )
    ),
    (expression
      (relation
        (shift_expression
          (simple_expression
            (term
              (primary<v>
                (name<v>
                  (identifier
                    a
                  )
                )
              )
            )
          )
        ),
        (operator: EQUAL),
        (shift_expression
          (simple_expression
            (term
              (primary<v>
                (literal<v>
                  (string_literal
                    01
                  )
                )
              )
            )
          )
        )
      )
    )
    (waveform<v>
      (waveform_element
        (expression
          (relation
            (shift_expression
              (simple_expression
                (term
                  (primary<v>
                    (literal<v>
                      (string_literal
                        0001
                      )
                    )
                  )
                )
              )
            )
          )
        )
      )
    )
    (expression
      (relation
        (shift_expression
          (simple_expression
            (term
              (primary<v>
                (name<v>
                  (identifier
                    a
                  )
                )
              )
            )
          )
        ),
        (operator: EQUAL),
        (shift_expression
          (simple_expression
            (term
              (primary<v>
                (literal<v>
                  (string_literal
                    11
                  )
                )
              )
            )
          )
        )
      )
    )
  )
)
