(type_declaration
  (identifier
    TWOS_COMPLEMENT_INTEGER
  )
  (type_definition<v>
    (scalar_type_definition<v>
      (range<v>
        (simple_expression
          sign: SIGN_NEG,
          (term
            (primary<v>
              (literal<v>
                (numeric_literal<v>
                  (abstract_literal<v>
                    (decimal_literal
                      literal: 32768, type: integer
                    )
                  )
                )
              )
            )
          )
        )
        (keyword
          TO
        )
        (simple_expression
          (term
            (primary<v>
              (literal<v>
                (numeric_literal<v>
                  (abstract_literal<v>
                    (decimal_literal
                      literal: 32767, type: integer
                    )
                  )
                )
              )
            )
          )
        )
      )
    )
  )
)
