(attribute_name
  (prefix<v>
    (name<v>
      (identifier
        CLK
      )
    )
  )
  (attribute_designator
    (identifier
      DELAYED
    )
  )
  (expression
    (relation
      (shift_expression
        (simple_expression
          (term
            (primary<v>
              (literal<v>
                (numeric_literal<v>
                  (physical_literal
                    (abstract_literal<v>
                      (decimal_literal
                        literal: 5, type: integer
                      )
                    ),
                    (unit_name: ns)
                  )
                )
              )
            )
          )
        )
      )
    )
  )
)
