(type_declaration
  (identifier
    WORD_INDEX
  )
  (type_definition<v>
    (scalar_type_definition<v>
      (range<v>
        (simple_expression
          (term
            (primary<v>
              (literal<v>
                (numeric_literal<v>
                  (abstract_literal<v>
                    (decimal_literal
                      literal: 31, type: integer
                    )
                  )
                )
              )
            )
          )
        )
        (keyword
          DOWNTO
        )
        (simple_expression
          (term
            (primary<v>
              (literal<v>
                (numeric_literal<v>
                  (abstract_literal<v>
                    (decimal_literal
                      literal: 0, type: integer
                    )
                  )
                )
              )
            )
          )
        )
      )
    )
  )
)
