(aggregate
  (element_association
    (expression
      (relation
        (shift_expression
          (simple_expression
            (term
              (primary<v>
                (literal<v>
                  (enumeration_literal<v>
                    (character_literal
                      '0'
                    )
                  )
                )
              )
            )
          )
        )
      )
    )
  ),
  (element_association
    (expression
      (relation
        (shift_expression
          (simple_expression
            (term
              (primary<v>
                (literal<v>
                  (enumeration_literal<v>
                    (character_literal
                      '1'
                    )
                  )
                )
              )
            )
          )
        )
      )
    )
  ),
  (element_association
    (expression
      (relation
        (shift_expression
          (simple_expression
            (term
              (primary<v>
                (literal<v>
                  (enumeration_literal<v>
                    (character_literal
                      '0'
                    )
                  )
                )
              )
            )
          )
        )
      )
    )
  ),
  (element_association
    (expression
      (relation
        (shift_expression
          (simple_expression
            (term
              (primary<v>
                (literal<v>
                  (enumeration_literal<v>
                    (character_literal
                      '1'
                    )
                  )
                )
              )
            )
          )
        )
      )
    )
  )
)
