(discrete_range<v>
  (subtype_indication
    (name<v>
      (identifier
        resolution_function_name
      )
    )
    (name<v>
      (identifier
        type_mark
      )
    )
    (constraint<v>
      (range<v>
        (attribute_name
          (prefix<v>
            (name<v>
              (identifier
                range_prefix
              )
            )
          )
          (attribute_designator
            (identifier
              attribute_designator
            )
          )
        )
      )
    )
  )
)
