(discrete_range<v>
  (subtype_indication
    (resolution_function_name<v>
      (name<v>
        (identifier
          resolution_fcn
        )
      )
    )
    (type_mark<v>
      (name<v>
        (identifier
          type_mark
        )
      )
    )
    (constraint<v>
      (index_constraint
        (discrete_range<v>
          (subtype_indication
            (type_mark<v>
              (name<v>
                (identifier
                  lhs
                )
              )
            )
          )
        ),
        (discrete_range<v>
          (subtype_indication
            (type_mark<v>
              (name<v>
                (identifier
                  rhs
                )
              )
            )
          )
        )
      )
    )
  )
)
