(configuration_specification
  (component_specification
    (instantiation_list<v>
      (identifier
        TheInstance
      )
    )
    (name<v>
      (identifier
        MyComponent
      )
    )
  )
  (binding_indication
    (entity_aspect<v>
      (entity_aspect::entity
        (name<v>
          (identifier
            Buf
          )
        )
        (identifier
          DataFlow
        )
      )
    )
    (generic map
      (association_element
        (formal_part
          (formal_designator<v>
            (name<v>
              (identifier
                Buf_Delay
              )
            )
          )
        )
        (actual_part<v>
          (actual_designator<v>
            (expression
              (relation
                (shift_expression
                  (simple_expression
                    (term
                      (primary<v>
                        (name<v>
                          (identifier
                            Comp_Buf_Delay
                          )
                        )
                      )
                    )
                  )
                )
              )
            )
          )
        )
      )
    )
    (port map
      (association_element
        (formal_part
          (formal_designator<v>
            (name<v>
              (identifier
                Input_pin
              )
            )
          )
        )
        (actual_part<v>
          (actual_designator<v>
            (expression
              (relation
                (shift_expression
                  (simple_expression
                    (term
                      (primary<v>
                        (name<v>
                          (identifier
                            Comp_I
                          )
                        )
                      )
                    )
                  )
                )
              )
            )
          )
        )
      ),
      (association_element
        (formal_part
          (formal_designator<v>
            (name<v>
              (identifier
                Output_pin
              )
            )
          )
        )
        (actual_part<v>
          (actual_designator<v>
            (expression
              (relation
                (shift_expression
                  (simple_expression
                    (term
                      (primary<v>
                        (name<v>
                          (identifier
                            Comp_O
                          )
                        )
                      )
                    )
                  )
                )
              )
            )
          )
        )
      )
    )
  )
)
