(group_declaration
  (identifier
    CONSTRAINT1
  )
  (name<v>
    (identifier
      DIFF_CYCLES
    )
  )
  (group_constituent_list
    (group_constituent<v>
      (name<v>
        (identifier
          G1
        )
      )
    ),
    (group_constituent<v>
      (name<v>
        (identifier
          G3
        )
      )
    )
  )
)
