(group_declaration
  (identifier
    G2
  )
  (name<v>
    (identifier
      RESOURCE
    )
  )
  (group_constituent_list
    (group_constituent<v>
      (name<v>
        (identifier
          L3
        )
      )
    ),
    (group_constituent<v>
      (name<v>
        (identifier
          L4
        )
      )
    ),
    (group_constituent<v>
      (name<v>
        (identifier
          L5
        )
      )
    )
  )
)
