(loop_statement
  (sequence_of_statements
    (sequential_statement<v>
      (signal_assignment_statement
        (target<v>
          (name<v>
            (identifier
              a
            )
          )
        )
        (waveform<v>
          (waveform_element
            (expression
              (relation
                (shift_expression
                  (simple_expression
                    (term
                      (primary<v>
                        (name<v>
                          (identifier
                            b
                          )
                        )
                      )
                    )
                  )
                )
              )
            )
          )
        )
      )
    )
  )
)
