(discrete_range<v>
  (range<v>
    (simple_expression
      term: (term
        (primary<v>
          (literal<v>
            (numeric_literal<v>
              (abstract_literal<v>
                (decimal_literal
                  literal: 42, hint: int
                )
              )
            )
          )
        )
      )
    )
    (keyword
      DOWNTO
    )
    (simple_expression
      term: (term
        (primary<v>
          (literal<v>
            (numeric_literal<v>
              (abstract_literal<v>
                (decimal_literal
                  literal: 0, hint: int
                )
              )
            )
          )
        )
      )
    )
  )
)
