(subtype_indication
  (name<v>
    (identifier
      resolution_function_name
    )
  )
  (name<v>
    (identifier
      type_mark
    )
  )
  (constraint<v>
    (index_constraint
      (discrete_range<v>
        (subtype_indication
          (name<v>
            (identifier
              range_1_name
            )
          )
        )
      ),
      (discrete_range<v>
        (subtype_indication
          (name<v>
            (identifier
              range_2_name
            )
          )
        )
      )
    )
  )
)
