(block_statement
  (identifier
    CONTROL_LOGIC
  )
  (block_statement_part
    (concurrent_statement<v>
      (component_instantiation_statement
        (identifier
          U1
        )
        (instantiated_unit<v>
          (component
            (name<v>
              (identifier
                CONTROLLER_A
              )
            )
          )
        )
        (port_map_aspect
          (association_list
            (association_element
              (actual_part<v>
                (actual_designator<v>
                  (expression
                    (relation
                      (shift_expression
                        (simple_expression
                          (term
                            (primary<v>
                              (name<v>
                                (identifier
                                  CLK
                                )
                              )
                            )
                          )
                        )
                      )
                    )
                  )
                )
              )
            ),
            (association_element
              (actual_part<v>
                (actual_designator<v>
                  (expression
                    (relation
                      (shift_expression
                        (simple_expression
                          (term
                            (primary<v>
                              (name<v>
                                (identifier
                                  X
                                )
                              )
                            )
                          )
                        )
                      )
                    )
                  )
                )
              )
            ),
            (association_element
              (actual_part<v>
                (actual_designator<v>
                  (expression
                    (relation
                      (shift_expression
                        (simple_expression
                          (term
                            (primary<v>
                              (name<v>
                                (identifier
                                  Y
                                )
                              )
                            )
                          )
                        )
                      )
                    )
                  )
                )
              )
            ),
            (association_element
              (actual_part<v>
                (actual_designator<v>
                  (expression
                    (relation
                      (shift_expression
                        (simple_expression
                          (term
                            (primary<v>
                              (name<v>
                                (identifier
                                  Z
                                )
                              )
                            )
                          )
                        )
                      )
                    )
                  )
                )
              )
            )
          )
        )
      )
    )
  )
  (identifier
    CONTROL_LOGIC
  )
)
