(subprogram_specification<v>
  PROCEDURE
  (designator<v>
    (identifier
      Procedure_1
    )
  )
  (interface_list
    (interface_declaration<v>
      (interface_variable_declaration
        (VARIABLE)
        (identifier_list
          (identifier
            X
          ),
          (identifier
            Y
          )
        )
        (keyword
          INOUT
        )
        (subtype_indication
          (name<v>
            (identifier
              Real
            )
          )
        )
      )
    )
  )
)
