(subprogram_specification<v>
  PURE FUNCTION
  (designator<v>
    (string_literal
      *
    )
  )
  (interface_list
    (interface_declaration<v>
      (interface_constant_declaration
        (identifier_list
          (identifier
            a
          ),
          (identifier
            b
          )
        )
        (subtype_indication
          (name<v>
            (identifier
              Integer_new
            )
          )
        )
      )
    )
  )
  (name<v>
    (identifier
      Integer_new
    )
  )
)
