(constraint<v>
  (range<v>
    (simple_expression
      (term
        (primary<v>
          (literal<v>
            (numeric_literal<v>
              (abstract_literal<v>
                (decimal_literal
                  literal: 42, type: integer
                )
              )
            )
          )
        )
      )
    )
    (keyword
      DOWNTO
    )
    (simple_expression
      (term
        (primary<v>
          (literal<v>
            (numeric_literal<v>
              (abstract_literal<v>
                (decimal_literal
                  literal: 0, type: integer
                )
              )
            )
          )
        )
      )
    )
  )
)
