(configuration_specification
  (component_specification
    (instantiation_list<v>
      (identifier
        Instance
      )
    )
    (name<v>
      (identifier
        CoolComponent
      )
    )
  )
  (binding_indication
    (generic_map_aspect
      (association_list
        ()
      )
    )
    (port_map_aspect
      (association_list
        ()
      )
    )
  )
)
