(conditional_signal_assignment
  (target<v>
    (name<v>
      (identifier
        q
      )
    )
  )
  (options
    (delay_mechanism
      INERTIAL_DELAY
      (expression
        (relation
          (shift_expression
            (simple_expression
              (term
                (primary<v>
                  (literal<v>
                    (numeric_literal<v>
                      (physical_literal
                        literal: (abstract_literal<v>
                          (decimal_literal
                            literal: 3, hint: int
                          )
                        ),
                        unit: ns
                      )
                    )
                  )
                )
              )
            )
          )
        )
      )
    )
  )
  (conditional_waveforms
    (waveform<v>
      (waveform_element
        (expression
          (relation
            (shift_expression
              (simple_expression
                (term
                  (primary<v>
                    (literal<v>
                      (numeric_literal<v>
                        (abstract_literal<v>
                          (decimal_literal
                            literal: 3, hint: int
                          )
                        )
                      )
                    )
                  )
                )
              )
            )
          )
        )
      )
    ),
    (expression
      (relation
        (shift_expression
          (simple_expression
            (term
              (primary<v>
                (name<v>
                  (identifier
                    high
                  )
                )
              )
            )
          )
        ),
        operator: EQUAL,
        (shift_expression
          (simple_expression
            (term
              (primary<v>
                (literal<v>
                  (enumeration_literal<v>
                    (character_literal
                      '1'
                    )
                  )
                )
              )
            )
          )
        )
      )
    ),
    (waveform<v>
      (waveform_element
        (expression
          (relation
            (shift_expression
              (simple_expression
                (term
                  (primary<v>
                    (literal<v>
                      (numeric_literal<v>
                        (abstract_literal<v>
                          (decimal_literal
                            literal: 2, hint: int
                          )
                        )
                      )
                    )
                  )
                )
              )
            )
          )
        )
      )
    ),
    (expression
      (relation
        (shift_expression
          (simple_expression
            (term
              (primary<v>
                (name<v>
                  (identifier
                    mid
                  )
                )
              )
            )
          )
        ),
        operator: EQUAL,
        (shift_expression
          (simple_expression
            (term
              (primary<v>
                (literal<v>
                  (enumeration_literal<v>
                    (character_literal
                      '1'
                    )
                  )
                )
              )
            )
          )
        )
      )
    ),
    (waveform<v>
      (waveform_element
        (expression
          (relation
            (shift_expression
              (simple_expression
                (term
                  (primary<v>
                    (literal<v>
                      (numeric_literal<v>
                        (abstract_literal<v>
                          (decimal_literal
                            literal: 1, hint: int
                          )
                        )
                      )
                    )
                  )
                )
              )
            )
          )
        )
      )
    ),
    (expression
      (relation
        (shift_expression
          (simple_expression
            (term
              (primary<v>
                (name<v>
                  (identifier
                    low
                  )
                )
              )
            )
          )
        ),
        operator: EQUAL,
        (shift_expression
          (simple_expression
            (term
              (primary<v>
                (literal<v>
                  (enumeration_literal<v>
                    (character_literal
                      '1'
                    )
                  )
                )
              )
            )
          )
        )
      )
    )
    (waveform<v>
      (waveform_element
        (expression
          (relation
            (shift_expression
              (simple_expression
                (term
                  (primary<v>
                    (literal<v>
                      (numeric_literal<v>
                        (abstract_literal<v>
                          (decimal_literal
                            literal: 0, hint: int
                          )
                        )
                      )
                    )
                  )
                )
              )
            )
          )
        )
      )
    )
  )
)
