(architecture_body
  (identifier
    V1
  )
  (name<v>
    (identifier
      AOI
    )
  )
  (architecture_statement_part
    (concurrent_statement<v>
      (concurrent_signal_assignment_statement
        (conditional_signal_assignment
          (target<v>
            (name<v>
              (identifier
                F
              )
            )
          )
          (conditional_waveforms
            (waveform<v>
              (waveform_element*
                (waveform_element
                  (expression
                    (relation
                      (shift_expression
                        (simple_expression
                          (term
                            (factor_unary_operation
                              (operator: NOT),
                              (expression
                                (relation
                                  (shift_expression
                                    (simple_expression
                                      (term
                                        (primary<v>
                                          (expression
                                            (relation
                                              (shift_expression
                                                (simple_expression
                                                  (term
                                                    (primary<v>
                                                      (name<v>
                                                        (identifier
                                                          A
                                                        )
                                                      )
                                                    )
                                                  )
                                                )
                                              )
                                            ),
                                            (operator: AND),
                                            (relation
                                              (shift_expression
                                                (simple_expression
                                                  (term
                                                    (primary<v>
                                                      (name<v>
                                                        (identifier
                                                          B
                                                        )
                                                      )
                                                    )
                                                  )
                                                )
                                              )
                                            )
                                          )
                                        )
                                      )
                                    )
                                  )
                                ),
                                (operator: OR),
                                (relation
                                  (shift_expression
                                    (simple_expression
                                      (term
                                        (primary<v>
                                          (expression
                                            (relation
                                              (shift_expression
                                                (simple_expression
                                                  (term
                                                    (primary<v>
                                                      (name<v>
                                                        (identifier
                                                          C
                                                        )
                                                      )
                                                    )
                                                  )
                                                )
                                              )
                                            ),
                                            (operator: AND),
                                            (relation
                                              (shift_expression
                                                (simple_expression
                                                  (term
                                                    (primary<v>
                                                      (name<v>
                                                        (identifier
                                                          D
                                                        )
                                                      )
                                                    )
                                                  )
                                                )
                                              )
                                            )
                                          )
                                        )
                                      )
                                    )
                                  )
                                )
                              )
                            )
                          )
                        )
                      )
                    )
                  )
                )
              )
            )
          )
        )
      )
    )
  )
  (identifier
    V1
  )
)
