(if_statement
  (identifier
    if_label
  )
  (expression
    (relation
      (shift_expression
        (simple_expression
          (term
            (primary<v>
              (name<v>
                (identifier
                  condition
                )
              )
            )
          )
        )
      )
    )
  )
  THAN:
  (sequence_of_statements
    (sequential_statement<v>
      (signal_assignment_statement
        (target<v>
          (name<v>
            (identifier
              a
            )
          )
        )
        (waveform<v>
          (waveform_element
            (expression
              (relation
                (shift_expression
                  (simple_expression
                    (term
                      (primary<v>
                        (name<v>
                          (identifier
                            b
                          )
                        )
                      )
                    )
                  )
                )
              )
            )
          )
        )
      )
    ),
    (sequential_statement<v>
      (variable_assignment_statement
        (target<v>
          (name<v>
            (identifier
              c
            )
          )
        )
        (expression
          (relation
            (shift_expression
              (simple_expression
                (term
                  (primary<v>
                    (name<v>
                      (identifier
                        d
                      )
                    )
                  )
                )
              )
            )
          )
        )
      )
    )
  )
  ELSE:
  (sequence_of_statements
    (sequential_statement<v>
      (signal_assignment_statement
        (target<v>
          (name<v>
            (identifier
              a
            )
          )
        )
        (waveform<v>
          (waveform_element
            (expression
              (relation
                (shift_expression
                  (simple_expression
                    (term
                      (primary<v>
                        (literal<v>
                          (enumeration_literal<v>
                            (character_literal
                              '0'
                            )
                          )
                        )
                      )
                    )
                  )
                )
              )
            )
          )
        )
      )
    ),
    (sequential_statement<v>
      (variable_assignment_statement
        (target<v>
          (name<v>
            (identifier
              c
            )
          )
        )
        (expression
          (relation
            (shift_expression
              (simple_expression
                (term
                  (primary<v>
                    (literal<v>
                      (numeric_literal<v>
                        (abstract_literal<v>
                          (decimal_literal
                            literal: 0, type: integer
                          )
                        )
                      )
                    )
                  )
                )
              )
            )
          )
        )
      )
    )
  )
)
