(if_statement
  (expression
    (relation
      (shift_expression
        (simple_expression
          (term
            (primary<v>
              (name<v>
                (identifier
                  condition
                )
              )
            )
          )
        )
      )
    )
  )
  THAN:
  (sequence_of_statements
    (sequential_statement<v>
      (signal_assignment_statement
        (target<v>
          (name<v>
            (identifier
              foo
            )
          )
        )
        (waveform<v>
          (waveform_element
            (expression
              (relation
                (shift_expression
                  (simple_expression
                    (term
                      (primary<v>
                        (name<v>
                          (identifier
                            bar
                          )
                        )
                      )
                    )
                  )
                )
              )
            )
          )
        )
      )
    )
  )
)
