(process_statement
  (identifier
    compute_xor
  )
  (sensitivity_list
    (name<v>
      (identifier
        b
      )
    ),
    (name<v>
      (identifier
        c
      )
    )
  )
  (sequence_of_statements
    (sequential_statement<v>
      (signal_assignment_statement
        (target<v>
          (name<v>
            (identifier
              a
            )
          )
        )
        (waveform<v>
          (waveform_element
            (expression
              (relation
                (shift_expression
                  (simple_expression
                    (term
                      (primary<v>
                        (name<v>
                          (identifier
                            b
                          )
                        )
                      )
                    )
                  )
                )
              ),
              (operator: XOR),
              (relation
                (shift_expression
                  (simple_expression
                    (term
                      (primary<v>
                        (name<v>
                          (identifier
                            c
                          )
                        )
                      )
                    )
                  )
                )
              )
            )
          )
        )
      )
    )
  )
  (identifier
    compute_xor
  )
)
