(element_declaration
  (identifier_list
    (identifier
      DAY
    )
  )
  (subtype_indication
    (type_mark<v>
      (name<v>
        (identifier
          INTEGER
        )
      )
    )
    (constraint<v>
      (range<v>
        (simple_expression
          (term
            (primary<v>
              (literal<v>
                (numeric_literal<v>
                  (abstract_literal<v>
                    (decimal_literal
                      literal: 1, hint: int
                    )
                  )
                )
              )
            )
          )
        )
        (keyword
          TO
        )
        (simple_expression
          (term
            (primary<v>
              (literal<v>
                (numeric_literal<v>
                  (abstract_literal<v>
                    (decimal_literal
                      literal: 31, hint: int
                    )
                  )
                )
              )
            )
          )
        )
      )
    )
  )
)
