(architecture_body
  (identifier
    ARCHI
  )
  (name<v>
    (identifier
      HALFADDER
    )
  )
  (block_declarative_part
    (block_declarative_item<v>
      (component_declaration
        (identifier
          NAND2
        )
        (port_clause
          (interface_list
            (interface_declaration<v>
              (interface_constant_declaration
                (identifier_list
                  (identifier
                    A
                  ),
                  (identifier
                    B
                  )
                )
                (in)
                (subtype_indication
                  (type_mark<v>
                    (name<v>
                      (identifier
                        BIT
                      )
                    )
                  )
                )
              )
            ),
            (interface_declaration<v>
              (interface_signal_declaration
                (identifier_list
                  (identifier
                    Y
                  )
                )
                (keyword
                  OUT
                )
                (subtype_indication
                  (type_mark<v>
                    (name<v>
                      (identifier
                        BIT
                      )
                    )
                  )
                )
              )
            )
          )
        )
      )
    ),
    (block_declarative_item<v>
      (configuration_specification
        (component_specification
          (instantiation_list<v>
            (keyword
              ALL
            )
          )
          (name<v>
            (identifier
              NAND2
            )
          )
        )
        (binding_indication
          (entity_aspect<v>
            (entity_aspect::entity
              (name<v>
                (identifier
                  work_NAND2
                )
              )
              (identifier
                ARCHI
              )
            )
          )
          (generic_map_aspect
            (association_list
              ()
            )
          )
          (port_map_aspect
            (association_list
              ()
            )
          )
        )
      )
    ),
    (block_declarative_item<v>
      (signal_declaration
        (identifier_list
          (identifier
            S1
          ),
          (identifier
            S2
          ),
          (identifier
            S3
          )
        )
        (subtype_indication
          (type_mark<v>
            (name<v>
              (identifier
                BIT
              )
            )
          )
        )
      )
    )
  )
  (architecture_statement_part
    (concurrent_statement<v>
      (component_instantiation_statement
        (identifier
          NANDA
        )
        (instantiated_unit<v>
          (component
            (name<v>
              (identifier
                NAND2
              )
            )
          )
        )
        (port_map_aspect
          (association_list
            (association_element
              (actual_part<v>
                (actual_designator<v>
                  (expression
                    (relation
                      (shift_expression
                        (simple_expression
                          (term
                            (primary<v>
                              (name<v>
                                (identifier
                                  X
                                )
                              )
                            )
                          )
                        )
                      )
                    )
                  )
                )
              )
            ),
            (association_element
              (actual_part<v>
                (actual_designator<v>
                  (expression
                    (relation
                      (shift_expression
                        (simple_expression
                          (term
                            (primary<v>
                              (name<v>
                                (identifier
                                  Y
                                )
                              )
                            )
                          )
                        )
                      )
                    )
                  )
                )
              )
            ),
            (association_element
              (actual_part<v>
                (actual_designator<v>
                  (expression
                    (relation
                      (shift_expression
                        (simple_expression
                          (term
                            (primary<v>
                              (name<v>
                                (identifier
                                  S3
                                )
                              )
                            )
                          )
                        )
                      )
                    )
                  )
                )
              )
            )
          )
        )
      )
    ),
    (concurrent_statement<v>
      (component_instantiation_statement
        (identifier
          NANDB
        )
        (instantiated_unit<v>
          (component
            (name<v>
              (identifier
                NAND2
              )
            )
          )
        )
        (port_map_aspect
          (association_list
            (association_element
              (actual_part<v>
                (actual_designator<v>
                  (expression
                    (relation
                      (shift_expression
                        (simple_expression
                          (term
                            (primary<v>
                              (name<v>
                                (identifier
                                  X
                                )
                              )
                            )
                          )
                        )
                      )
                    )
                  )
                )
              )
            ),
            (association_element
              (actual_part<v>
                (actual_designator<v>
                  (expression
                    (relation
                      (shift_expression
                        (simple_expression
                          (term
                            (primary<v>
                              (name<v>
                                (identifier
                                  S3
                                )
                              )
                            )
                          )
                        )
                      )
                    )
                  )
                )
              )
            ),
            (association_element
              (actual_part<v>
                (actual_designator<v>
                  (expression
                    (relation
                      (shift_expression
                        (simple_expression
                          (term
                            (primary<v>
                              (name<v>
                                (identifier
                                  S1
                                )
                              )
                            )
                          )
                        )
                      )
                    )
                  )
                )
              )
            )
          )
        )
      )
    ),
    (concurrent_statement<v>
      (component_instantiation_statement
        (identifier
          NANDC
        )
        (instantiated_unit<v>
          (component
            (name<v>
              (identifier
                NAND2
              )
            )
          )
        )
        (port_map_aspect
          (association_list
            (association_element
              (actual_part<v>
                (actual_designator<v>
                  (expression
                    (relation
                      (shift_expression
                        (simple_expression
                          (term
                            (primary<v>
                              (name<v>
                                (identifier
                                  S3
                                )
                              )
                            )
                          )
                        )
                      )
                    )
                  )
                )
              )
            ),
            (association_element
              (actual_part<v>
                (actual_designator<v>
                  (expression
                    (relation
                      (shift_expression
                        (simple_expression
                          (term
                            (primary<v>
                              (name<v>
                                (identifier
                                  Y
                                )
                              )
                            )
                          )
                        )
                      )
                    )
                  )
                )
              )
            ),
            (association_element
              (actual_part<v>
                (actual_designator<v>
                  (expression
                    (relation
                      (shift_expression
                        (simple_expression
                          (term
                            (primary<v>
                              (name<v>
                                (identifier
                                  S2
                                )
                              )
                            )
                          )
                        )
                      )
                    )
                  )
                )
              )
            )
          )
        )
      )
    ),
    (concurrent_statement<v>
      (component_instantiation_statement
        (identifier
          NANDD
        )
        (instantiated_unit<v>
          (component
            (name<v>
              (identifier
                NAND2
              )
            )
          )
        )
        (port_map_aspect
          (association_list
            (association_element
              (actual_part<v>
                (actual_designator<v>
                  (expression
                    (relation
                      (shift_expression
                        (simple_expression
                          (term
                            (primary<v>
                              (name<v>
                                (identifier
                                  S1
                                )
                              )
                            )
                          )
                        )
                      )
                    )
                  )
                )
              )
            ),
            (association_element
              (actual_part<v>
                (actual_designator<v>
                  (expression
                    (relation
                      (shift_expression
                        (simple_expression
                          (term
                            (primary<v>
                              (name<v>
                                (identifier
                                  S2
                                )
                              )
                            )
                          )
                        )
                      )
                    )
                  )
                )
              )
            ),
            (association_element
              (actual_part<v>
                (actual_designator<v>
                  (expression
                    (relation
                      (shift_expression
                        (simple_expression
                          (term
                            (primary<v>
                              (name<v>
                                (identifier
                                  S
                                )
                              )
                            )
                          )
                        )
                      )
                    )
                  )
                )
              )
            )
          )
        )
      )
    ),
    (concurrent_statement<v>
      (concurrent_signal_assignment_statement
        (conditional_signal_assignment
          (target<v>
            (name<v>
              (identifier
                C
              )
            )
          )
          (conditional_waveforms
            (waveform<v>
              (waveform_element
                (expression
                  (relation
                    (shift_expression
                      (simple_expression
                        (term
                          (primary<v>
                            (name<v>
                              (identifier
                                S3
                              )
                            )
                          )
                        )
                      )
                    )
                  )
                )
              )
            )
          )
        )
      )
    )
  )
  (identifier
    ARCHI
  )
)
