(attribute_specification
  (identifier
    LOCATION
  )
  (entity_specification
    (entity_name_list<v>
      (entity_designator
        (entity_tag<v>
          (identifier
            ADDER1
          )
        )
      )
    )
    (keyword
      LABEL
    )
  )
  (expression
    (relation
      (shift_expression
        (simple_expression
          (term
            (primary<v>
              (expression
                (relation
                  (shift_expression
                    (simple_expression
                      (term
                        (primary<v>
                          (literal<v>
                            (numeric_literal<v>
                              (abstract_literal<v>
                                (decimal_literal
                                  literal: 10, hint: int
                                )
                              )
                            )
                          )
                        )
                      ),
                      operator: ADD,
                      (term
                        (primary<v>
                          (literal<v>
                            (numeric_literal<v>
                              (abstract_literal<v>
                                (decimal_literal
                                  literal: 15, hint: int
                                )
                              )
                            )
                          )
                        )
                      )
                    )
                  )
                )
              )
            )
          )
        )
      )
    )
  )
)
