(generic_map_aspect
  (association_list
    (association_element
      (formal_part<v>
        (name<v>
          (identifier
            N
          )
        )
      )
      (actual_part<v>
        (actual_designator<v>
          (expression
            (relation
              (shift_expression
                (simple_expression
                  (term
                    (primary<v>
                      (literal<v>
                        (numeric_literal<v>
                          (abstract_literal<v>
                            (decimal_literal
                              literal: 8, hint: int
                            )
                          )
                        )
                      )
                    )
                  )
                )
              )
            )
          )
        )
      )
    )
  )
)
