(disconnection_specification
  (guarded_signal_specification
    (signal_list<v>
      (signal_list.names
        (name<v>
          (identifier
            S
          )
        )
      )
    )
    (name<v>
      (identifier
        T
      )
    )
  )
  (expression
    (relation
      (shift_expression
        (simple_expression
          (term
            (primary<v>
              (literal<v>
                (numeric_literal<v>
                  (physical_literal
                    (abstract_literal<v>
                      (decimal_literal
                        literal: 10, type: integer
                      )
                    ),
                    (unit_name: ns)
                  )
                )
              )
            )
          )
        )
      )
    )
  )
)
