(signal_assignment_statement
  (identifier
    my_label
  )
  (target<v>
    (name<v>
      (identifier
        Output_pin
      )
    )
  )
  (waveform<v>
    (waveform_element*
      (waveform_element
        (expression
          (relation
            (shift_expression
              (simple_expression
                (term
                  (primary<v>
                    (name<v>
                      (identifier
                        Input_pin
                      )
                    )
                  )
                )
              )
            )
          )
        )
        (expression
          (relation
            (shift_expression
              (simple_expression
                (term
                  (primary<v>
                    (literal<v>
                      (numeric_literal<v>
                        (physical_literal
                          (abstract_literal<v>
                            (decimal_literal
                              literal: 10, type: integer
                            )
                          ),
                          (unit_name: ns)
                        )
                      )
                    )
                  )
                )
              )
            )
          )
        )
      )
    )
  )
)
