(expression
  (relation
    (shift_expression
      (simple_expression
        (term
          (factor_binary_operation
            (literal<v>
              (numeric_literal<v>
                (abstract_literal<v>
                  (decimal_literal
                    literal: 7, type: integer
                  )
                )
              )
            )
            (operator: EXPONENT),
            (literal<v>
              (numeric_literal<v>
                (abstract_literal<v>
                  (decimal_literal
                    literal: 3, type: integer
                  )
                )
              )
            )
          )
        )
      )
    )
  ),
  (operator: OR),
  (relation
    (shift_expression
      (simple_expression
        (term
          (primary<v>
            (literal<v>
              (numeric_literal<v>
                (abstract_literal<v>
                  (decimal_literal
                    literal: 42, type: integer
                  )
                )
              )
            )
          )
        )
      )
    )
  )
)
