(concurrent_assertion_statement
  (assertion
    (expression
      (relation
        (shift_expression
          (simple_expression
            (term
              (primary<v>
                (expression
                  (relation
                    (shift_expression
                      (simple_expression
                        (term
                          (primary<v>
                            (literal<v>
                              (numeric_literal<v>
                                (abstract_literal<v>
                                  (decimal_literal
                                    literal: 42, type: integer
                                  )
                                )
                              )
                            )
                          )
                        )
                      )
                    ),
                    (operator: GREATER),
                    (shift_expression
                      (simple_expression
                        (term
                          (primary<v>
                            (literal<v>
                              (numeric_literal<v>
                                (abstract_literal<v>
                                  (decimal_literal
                                    literal: 0, type: integer
                                  )
                                )
                              )
                            )
                          )
                        )
                      )
                    )
                  )
                )
              )
            )
          )
        )
      )
    )
    (assertion.severity
      (expression
        (relation
          (shift_expression
            (simple_expression
              (term
                (primary<v>
                  (name<v>
                    (identifier
                      FAILURE
                    )
                  )
                )
              )
            )
          )
        )
      )
    )
  )
)
