(use_clause
  (name<v>
    (identifier
      IEEE
    )
  ).
  (name<v>
    (identifier
      Std_Logic_1164
    )
  ).
  (suffix<v>
    (identifier
      Std_ulogic
    )
  ),
  (name<v>
    (identifier
      IEEE
    )
  ).
  (name<v>
    (identifier
      Std_Logic_1164
    )
  ).
  (suffix<v>
    (identifier
      Rising_edge
    )
  )
)
