(block_header
  (generic_clause
    (interface_list
      (interface_declaration<v>
        (interface_constant_declaration
          (identifier_list
            (identifier
              GB1
            ),
            (identifier
              GB2
            )
          )
          (subtype_indication
            (type_mark<v>
              (name<v>
                (identifier
                  Time
                )
              )
            )
          )
        )
      )
    )
  )
  (generic_map_aspect
    (association_list
      (association_element
        (formal_part
          (formal_designator<v>
            (name<v>
              (identifier
                GB1
              )
            )
          )
        )
        (actual_part<v>
          (actual_designator<v>
            (name<v>
              (identifier
                LongTime
              )
            )
          )
        )
      ),
      (association_element
        (formal_part
          (formal_designator<v>
            (name<v>
              (identifier
                GB2
              )
            )
          )
        )
        (actual_part<v>
          (actual_designator<v>
            (name<v>
              (identifier
                ShortTime
              )
            )
          )
        )
      )
    )
  )
  (port_clause
    (interface_list
      (interface_declaration<v>
        (interface_constant_declaration
          (identifier_list
            (identifier
              PB1
            )
          )
          (in)
          (subtype_indication
            (type_mark<v>
              (name<v>
                (identifier
                  BIT
                )
              )
            )
          )
        )
      ),
      (interface_declaration<v>
        (interface_signal_declaration
          (identifier_list
            (identifier
              PB2
            )
          )
          (keyword
            INOUT
          )
          (subtype_indication
            (type_mark<v>
              (name<v>
                (identifier
                  BIT
                )
              )
            )
          )
        )
      )
    )
  )
  (port_map_aspect
    (association_list
      (association_element
        (formal_part
          (formal_designator<v>
            (name<v>
              (identifier
                PB1
              )
            )
          )
        )
        (actual_part<v>
          (actual_designator<v>
            (name<v>
              (identifier
                P1
              )
            )
          )
        )
      ),
      (association_element
        (formal_part
          (formal_designator<v>
            (name<v>
              (identifier
                PB2
              )
            )
          )
        )
        (actual_part<v>
          (actual_designator<v>
            (name<v>
              (identifier
                B
              )
            )
          )
        )
      )
    )
  )
)
