(subtype_indication
  (type_mark<v>
    (name<v>
      (identifier
        type_mark
      )
    )
  )
  (constraint<v>
    (range<v>
      (attribute_name
        (prefix<v>
          (name<v>
            (identifier
              prefix
            )
          )
        )
        (attribute_designator
          (identifier
            designator
          )
        )
      )
    )
  )
)
