(subtype_indication
  (resolution_function_name<v>
    (name<v>
      (identifier
        resolution_function_name
      )
    )
  )
  (type_mark<v>
    (name<v>
      (identifier
        type_mark
      )
    )
  )
  (constraint<v>
    (index_constraint
      (discrete_range<v>
        (subtype_indication
          (type_mark<v>
            (name<v>
              (identifier
                range_attribute_name
              )
            )
          )
        )
      )
    )
  )
)
