(variable_declaration
  (identifier_list
    (identifier
      COND
    )
  )
  (subtype_indication
    (type_mark<v>
      (name<v>
        (identifier
          boolean
        )
      )
    )
  )
  (expression
    (relation
      (shift_expression
        (simple_expression
          (term
            (primary<v>
              (name<v>
                (identifier
                  true
                )
              )
            )
          )
        )
      )
    )
  )
)
