(selected_signal_assignment
  (expression
    (relation
      (shift_expression
        (simple_expression
          (term
            (primary<v>
              (name<v>
                (identifier
                  IntCommand
                )
              )
            )
          )
        )
      )
    )
  )
  (target<v>
    (name<v>
      (identifier
        MuxOut
      )
    )
  )
  (options
    GUARDED
    (delay_mechanism
      INERTIAL_DELAY
    )
  )
  (selected_waveforms
    (waveform<v>
      (waveform_element
        (expression
          (relation
            (shift_expression
              (simple_expression
                (term
                  (primary<v>
                    (name<v>
                      (identifier
                        InA
                      )
                    )
                  )
                )
              )
            )
          )
        )
      )
    )
    (choices
      (choice<v>
        (simple_expression
          (term
            (primary<v>
              (literal<v>
                (numeric_literal<v>
                  (abstract_literal<v>
                    (decimal_literal
                      literal: 0, type: integer
                    )
                  )
                )
              )
            )
          )
        )
      ),
      (choice<v>
        (simple_expression
          (term
            (primary<v>
              (literal<v>
                (numeric_literal<v>
                  (abstract_literal<v>
                    (decimal_literal
                      literal: 1, type: integer
                    )
                  )
                )
              )
            )
          )
        )
      )
    ),
    (waveform<v>
      (waveform_element
        (expression
          (relation
            (shift_expression
              (simple_expression
                (term
                  (primary<v>
                    (literal<v>
                      (enumeration_literal<v>
                        (character_literal
                          'Z'
                        )
                      )
                    )
                  )
                )
              )
            )
          )
        )
      )
    )
    (choices
      (choice<v>
        (keyword
          OTHERS
        )
      )
    )
  )
)
