(binding_indication
  (entity_aspect<v>
    (entity_aspect::entity
      (name<v>
        (identifier
          XOR_GATE
        )
      )
      (identifier
        Behavior
      )
    )
  )
  (generic map
    (association_element
      (actual_part<v>
        (actual_designator<v>
          (expression
            (relation
              (shift_expression
                (simple_expression
                  (term
                    (primary<v>
                      (literal<v>
                        (numeric_literal<v>
                          (physical_literal
                            (abstract_literal<v>
                              (decimal_literal
                                literal: 3, type: integer
                              )
                            ),
                            (unit_name: ns)
                          )
                        )
                      )
                    )
                  )
                )
              )
            )
          )
        )
      )
    ),
    (association_element
      (actual_part<v>
        (actual_designator<v>
          (expression
            (relation
              (shift_expression
                (simple_expression
                  (term
                    (primary<v>
                      (literal<v>
                        (numeric_literal<v>
                          (physical_literal
                            (abstract_literal<v>
                              (decimal_literal
                                literal: 3, type: integer
                              )
                            ),
                            (unit_name: ns)
                          )
                        )
                      )
                    )
                  )
                )
              )
            )
          )
        )
      )
    )
  )
  (port map
    (association_element
      (formal_part
        (formal_designator<v>
          (name<v>
            (identifier
              I1
            )
          )
        )
      )
      (actual_part<v>
        (actual_designator<v>
          (expression
            (relation
              (shift_expression
                (simple_expression
                  (term
                    (primary<v>
                      (name<v>
                        (identifier
                          I1
                        )
                      )
                    )
                  )
                )
              )
            )
          )
        )
      )
    ),
    (association_element
      (formal_part
        (formal_designator<v>
          (name<v>
            (identifier
              I2
            )
          )
        )
      )
      (actual_part<v>
        (actual_designator<v>
          (expression
            (relation
              (shift_expression
                (simple_expression
                  (term
                    (primary<v>
                      (name<v>
                        (identifier
                          I2
                        )
                      )
                    )
                  )
                )
              )
            )
          )
        )
      )
    ),
    (association_element
      (formal_part
        (formal_designator<v>
          (name<v>
            (identifier
              O
            )
          )
        )
      )
      (actual_part<v>
        (actual_designator<v>
          (expression
            (relation
              (shift_expression
                (simple_expression
                  (term
                    (primary<v>
                      (name<v>
                        (identifier
                          O
                        )
                      )
                    )
                  )
                )
              )
            )
          )
        )
      )
    )
  )
)
