(binding_indication
  (entity_aspect<v>
    (name<v>
      (identifier
        XOR_GATE
      )
    )
    (identifier
      Behavior
    )
  )
  GENERIC MAP_ASPECT
  (association_element
    (actual_part<v>
      (actual_designator<v>
        (expression
          (relation
            (shift_expression
              (simple_expression
                (term
                  (primary<v>
                    (literal<v>
                      (numeric_literal<v>
                        (physical_literal
                          literal: (abstract_literal<v>
                            (decimal_literal
                              literal: 3, hint: int
                            )
                          ),
                          unit: ns
                        )
                      )
                    )
                  )
                )
              )
            )
          )
        )
      )
    )
  ),
  (association_element
    (actual_part<v>
      (actual_designator<v>
        (expression
          (relation
            (shift_expression
              (simple_expression
                (term
                  (primary<v>
                    (literal<v>
                      (numeric_literal<v>
                        (physical_literal
                          literal: (abstract_literal<v>
                            (decimal_literal
                              literal: 3, hint: int
                            )
                          ),
                          unit: ns
                        )
                      )
                    )
                  )
                )
              )
            )
          )
        )
      )
    )
  )
  PORT MAP_ASPECT
  (association_element
    (formal_part
      (formal_designator
        (name<v>
          (identifier
            I1
          )
        )
      )
    )
    (actual_part<v>
      (actual_designator<v>
        (name<v>
          (identifier
            I1
          )
        )
      )
    )
  ),
  (association_element
    (formal_part
      (formal_designator
        (name<v>
          (identifier
            I2
          )
        )
      )
    )
    (actual_part<v>
      (actual_designator<v>
        (name<v>
          (identifier
            I2
          )
        )
      )
    )
  ),
  (association_element
    (formal_part
      (formal_designator
        (name<v>
          (identifier
            O
          )
        )
      )
    )
    (actual_part<v>
      (actual_designator<v>
        (name<v>
          (identifier
            O
          )
        )
      )
    )
  )
)
