(interface_constant_declaration
  (CONSTANT)
  (identifier_list
    (identifier
      Pi
    )
  )
  (subtype_indication
    (type_mark<v>
      (name<v>
        (identifier
          real
        )
      )
    )
  )
  (expression
    (relation
      (shift_expression
        (simple_expression
          (term
            (primary<v>
              (literal<v>
                (numeric_literal<v>
                  (abstract_literal<v>
                    (decimal_literal
                      literal: 3.14159, type: real
                    )
                  )
                )
              )
            )
          )
        )
      )
    )
  )
)
