(configuration_declaration
  (identifier
    CONFIG_TINV
  )
  (name<v>
    (identifier
      TEST_INV
    )
  )
  (block_configuration
    (block_specification<v>
      (identifier
        STRUCT_T
      )
    )
    (use_clause*
      ()
    )
    (configuration_item*
      (configuration_item<v>
        (component_configuration
          (component_specification
            (instantiation_list<v>
              (identifier
                LH
              )
            )
            (name<v>
              (identifier
                INV_COMP
              )
            )
          )
          (binding_indication
            (entity_aspect<v>
              (entity_aspect::entity
                (name<v>
                  (identifier
                    WORK_INVERTER
                  )
                )
                (identifier
                  STRUCT_I
                )
              )
            )
            (generic_map_aspect
              (association_list
                (association_element
                  (formal_part
                    (formal_designator<v>
                      (name<v>
                        (identifier
                          PropTime
                        )
                      )
                    )
                  )
                  (actual_part<v>
                    (actual_designator<v>
                      (expression
                        (relation
                          (shift_expression
                            (simple_expression
                              (term
                                (primary<v>
                                  (name<v>
                                    (identifier
                                      TimeH
                                    )
                                  )
                                )
                              )
                            )
                          )
                        )
                      )
                    )
                  )
                )
              )
            )
            (port_map_aspect
              (association_list
                (association_element
                  (formal_part
                    (formal_designator<v>
                      (name<v>
                        (identifier
                          IN1
                        )
                      )
                    )
                  )
                  (actual_part<v>
                    (actual_designator<v>
                      (expression
                        (relation
                          (shift_expression
                            (simple_expression
                              (term
                                (primary<v>
                                  (name<v>
                                    (identifier
                                      IN_A
                                    )
                                  )
                                )
                              )
                            )
                          )
                        )
                      )
                    )
                  )
                ),
                (association_element
                  (formal_part
                    (formal_designator<v>
                      (name<v>
                        (identifier
                          OUT1
                        )
                      )
                    )
                  )
                  (actual_part<v>
                    (actual_designator<v>
                      (expression
                        (relation
                          (shift_expression
                            (simple_expression
                              (term
                                (primary<v>
                                  (name<v>
                                    (identifier
                                      OUT_A
                                    )
                                  )
                                )
                              )
                            )
                          )
                        )
                      )
                    )
                  )
                )
              )
            )
          )
        )
      )
    )
  )
  (identifier
    CONFIG_TINV
  )
)
