(port_map_aspect
  (association_list
    (association_element
      (formal_part
        (formal_designator
          (name<v>
            (identifier
              B
            )
          )
        )
      )
      (actual_part<v>
        (actual_designator<v>
          (name<v>
            (identifier
              Y
            )
          )
        )
      )
    ),
    (association_element
      (formal_part
        (formal_designator
          (name<v>
            (identifier
              A
            )
          )
        )
      )
      (actual_part<v>
        (actual_designator<v>
          (name<v>
            (identifier
              X
            )
          )
        )
      )
    ),
    (association_element
      (formal_part
        (formal_designator
          (name<v>
            (identifier
              SUM
            )
          )
        )
      )
      (actual_part<v>
        (actual_designator<v>
          (name<v>
            (identifier
              S
            )
          )
        )
      )
    ),
    (association_element
      (formal_part
        (formal_designator
          (name<v>
            (identifier
              CARRY
            )
          )
        )
      )
      (actual_part<v>
        (actual_designator<v>
          (keyword
            OPEN
          )
        )
      )
    )
  )
)
