(port_map_aspect
  (association_list
    (association_element
      (formal_part
        (formal_designator
          (name<v>
            (identifier
              a
            )
          )
        )
      )
      (actual_part<v>
        (actual_designator<v>
          (name<v>
            (identifier
              x
            )
          )
        )
      )
    ),
    (association_element
      (formal_part
        (formal_designator
          (name<v>
            (identifier
              b
            )
          )
        )
      )
      (actual_part<v>
        (actual_designator<v>
          (name<v>
            (identifier
              y
            )
          )
        )
      )
    ),
    (association_element
      (formal_part
        (formal_designator
          (name<v>
            (identifier
              out_
            )
          )
        )
      )
      (actual_part<v>
        (actual_designator<v>
          (name<v>
            (identifier
              z
            )
          )
        )
      )
    )
  )
)
