(association_list
  (association_element
    (formal_part
      ({function_name|type_mark}<v>
        (name<v>
          (identifier
            function_name
          )
        )
      ),
      (formal_designator<v>
        (name<v>
          (identifier
            formal_designator
          )
        )
      )
    )
    (actual_part<v>
      (actual_designator<v>
        (name<v>
          (identifier
            signal_name
          )
        )
      )
    )
  ),
  (association_element
    (formal_part
      ({function_name|type_mark}<v>
        (name<v>
          (identifier
            type_mark
          )
        )
      ),
      (formal_designator<v>
        (name<v>
          (identifier
            formal_designator
          )
        )
      )
    )
    (actual_part<v>
      (name<v>
        (identifier
          type_mark
        )
      )
      (actual_designator<v>
        (name<v>
          (identifier
            actual_designator
          )
        )
      )
    )
  )
)
