(expression
  (relation
    (shift_expression
      (simple_expression
        sign: SIGN_NEG,
        (term
          (primary<v>
            (literal<v>
              (numeric_literal<v>
                (abstract_literal<v>
                  (decimal_literal
                    literal: 42, hint: int
                  )
                )
              )
            )
          )
        )
      )
    )
  ),
  operator: AND,
  (relation
    (shift_expression
      (simple_expression
        (term
          (primary<v>
            (literal<v>
              (numeric_literal<v>
                (abstract_literal<v>
                  (decimal_literal
                    literal: 48, hint: int
                  )
                )
              )
            )
          )
        )
      )
    )
  ),
  ,
  operator: OR,
  (relation
    (shift_expression
      (simple_expression
        (term
          (primary<v>
            (literal<v>
              (numeric_literal<v>
                (abstract_literal<v>
                  (decimal_literal
                    literal: 4711, hint: int
                  )
                )
              )
            )
          )
        )
      )
    )
  )
)
