(expression=(relation=(shift_expression=(simple_expression=(term={
(v:primary=(v:literal=(string_literal=0011)))}))))
operator=OR
(relation=(shift_expression=(simple_expression=(term={
(v:primary=(v:literal=(string_literal=0010)))}))))
operator=OR
(relation=(shift_expression=(simple_expression=(term={
(v:primary=(v:literal=(string_literal=1000)))})))))