(expression
  (relation
    (shift_expression
      (simple_expression
        sign: SIGN_NEG,
        term: (term
          (factor_binary_operation
            primary_lhs: (literal<v>
              (numeric_literal<v>
                (abstract_literal<v>
                  (decimal_literal
                    literal: 16, hint: int
                  )
                )
              )
            )
            operator: EXPONENT,
            primary_rhs: (literal<v>
              (numeric_literal<v>
                (abstract_literal<v>
                  (decimal_literal
                    literal: 2, hint: int
                  )
                )
              )
            )
          )
        )
      )
    )
  )
)
