(expression
  (relation
    (shift_expression
      (simple_expression
        term: (term
          (primary<v>
            (literal<v>
              (numeric_literal<v>
                (abstract_literal<v>
                  (decimal_literal
                    literal: 42, hint: int
                  )
                )
              )
            )
          )
        ),
        operator: SUB,
        (term
          (primary<v>
            (expression
              (relation
                (shift_expression
                  (simple_expression
                    term: (term
                      (primary<v>
                        (literal<v>
                          (numeric_literal<v>
                            (abstract_literal<v>
                              (decimal_literal
                                literal: 5, hint: int
                              )
                            )
                          )
                        )
                      ),
                      operator: MUL,
                      (primary<v>
                        (literal<v>
                          (numeric_literal<v>
                            (abstract_literal<v>
                              (decimal_literal
                                literal: 2, hint: int
                              )
                            )
                          )
                        )
                      )
                    )
                  )
                )
              )
            )
          )
        )
      )
    )
  )
)
