(expression
  (relation
    (shift_expression
      (simple_expression
        term: (term
          (primary<v>
            (literal<v>
              (string_literal
                0011
              )
            )
          )
        )
      )
    ),
    operator: LESS_EQUALS,
    (shift_expression
      (simple_expression
        term: (term
          (primary<v>
            (literal<v>
              (string_literal
                0010
              )
            )
          )
        )
      )
    )
  ),
  operator: AND,
  (relation
    (shift_expression
      (simple_expression
        term: (term
          (primary<v>
            (literal<v>
              (string_literal
                1000
              )
            )
          )
        )
      )
    )
  )
)
