(expression
  (relation
    (shift_expression
      (simple_expression
        term: (term
          (primary<v>
            (literal<v>
              (string_literal
                0011
              )
            )
          )
        )
      )
    )
  ),
  operator: XOR,
  (relation
    (shift_expression
      (simple_expression
        term: (term
          (primary<v>
            (literal<v>
              (string_literal
                0010
              )
            )
          )
        )
      )
    )
  ),
  ,
  operator: XOR,
  (relation
    (shift_expression
      (simple_expression
        term: (term
          (primary<v>
            (literal<v>
              (string_literal
                1000
              )
            )
          )
        )
      )
    )
  )
)
