(component_declaration
  (identifier
    Counter
  )
  (generic_clause
    (interface_list
      (interface_declaration<v>
        (interface_constant_declaration
          (identifier_list
            (identifier
              N
            )
          )
          (subtype_indication
            (type_mark<v>
              (name<v>
                (identifier
                  integer
                )
              )
            )
          )
        )
      )
    )
  )
  (port_clause
    (interface_list
      (interface_declaration<v>
        (interface_constant_declaration
          (identifier_list
            (identifier
              Clk
            ),
            (identifier
              Rst
            ),
            (identifier
              En
            )
          )
          (in)
          (subtype_indication
            (type_mark<v>
              (name<v>
                (identifier
                  std_logic
                )
              )
            )
          )
        )
      ),
      (interface_declaration<v>
        (interface_signal_declaration
          (identifier_list
            (identifier
              Q
            )
          )
          (keyword
            OUT
          )
          (subtype_indication
            (type_mark<v>
              (name<v>
                (identifier
                  std_logic_vector
                )
              )
            )
            (constraint<v>
              (index_constraint
                (discrete_range<v>
                  (range<v>
                    (simple_expression
                      (term
                        (primary<v>
                          (name<v>
                            (identifier
                              N
                            )
                          )
                        )
                      ),
                      (operator: SUB),
                      (term
                        (primary<v>
                          (literal<v>
                            (numeric_literal<v>
                              (abstract_literal<v>
                                (decimal_literal
                                  literal: 1, type: integer
                                )
                              )
                            )
                          )
                        )
                      )
                    )
                    (keyword
                      DOWNTO
                    )
                    (simple_expression
                      (term
                        (primary<v>
                          (literal<v>
                            (numeric_literal<v>
                              (abstract_literal<v>
                                (decimal_literal
                                  literal: 0, type: integer
                                )
                              )
                            )
                          )
                        )
                      )
                    )
                  )
                )
              )
            )
          )
        )
      )
    )
  )
  (identifier
    counter
  )
)
