(association_list
  (association_element
    (actual_part<v>
      (actual_designator<v>
        (name<v>
          (identifier
            signal_name
          )
        )
      )
    )
  ),
  (association_element
    (actual_part<v>
      (actual_designator<v>
        (name<v>
          (identifier
            variable_name
          )
        )
      )
    )
  )
)
