(range<v>
  (simple_expression
    sign: SIGN_NEG,
    (term
      (primary<v>
        (literal<v>
          (numeric_literal<v>
            (abstract_literal<v>
              (decimal_literal
                literal: 65536.00, hint: double
              )
            )
          )
        )
      )
    )
  )
  (keyword
    TO
  )
  (simple_expression
    (term
      (primary<v>
        (literal<v>
          (numeric_literal<v>
            (abstract_literal<v>
              (decimal_literal
                literal: 65535.00, hint: double
              )
            )
          )
        )
      )
    )
  )
)
