(variable_declaration
  (identifier_list
    (identifier
      M
    ),
    (identifier
      N
    )
  )
  (subtype_indication
    (name<v>
      (identifier
        bit
      )
    )
  )
  (expression
    (relation
      (shift_expression
        (simple_expression
          (term
            (primary<v>
              (literal<v>
                (enumeration_literal<v>
                  (character_literal
                    '1'
                  )
                )
              )
            )
          )
        )
      )
    )
  )
)
