(constrained_array_definition
  (index_constraint
    (discrete_range<v>
      (subtype_indication
        (type_mark<v>
          (name<v>
            (identifier
              POSITIVE
            )
          )
        )
        (constraint<v>
          (range<v>
            (simple_expression
              (term
                (primary<v>
                  (literal<v>
                    (numeric_literal<v>
                      (abstract_literal<v>
                        (decimal_literal
                          literal: 1, type: integer
                        )
                      )
                    )
                  )
                )
              )
            )
            (keyword
              TO
            )
            (simple_expression
              (term
                (primary<v>
                  (literal<v>
                    (numeric_literal<v>
                      (abstract_literal<v>
                        (decimal_literal
                          literal: 8, type: integer
                        )
                      )
                    )
                  )
                )
              )
            )
          )
        )
      )
    ),
    (discrete_range<v>
      (subtype_indication
        (type_mark<v>
          (name<v>
            (identifier
              POSITIVE
            )
          )
        )
        (constraint<v>
          (range<v>
            (simple_expression
              (term
                (primary<v>
                  (literal<v>
                    (numeric_literal<v>
                      (abstract_literal<v>
                        (decimal_literal
                          literal: 1, type: integer
                        )
                      )
                    )
                  )
                )
              )
            )
            (keyword
              TO
            )
            (simple_expression
              (term
                (primary<v>
                  (literal<v>
                    (numeric_literal<v>
                      (abstract_literal<v>
                        (decimal_literal
                          literal: 2, type: integer
                        )
                      )
                    )
                  )
                )
              )
            )
          )
        )
      )
    )
  )
  (subtype_indication
    (type_mark<v>
      (name<v>
        (identifier
          Log_4
        )
      )
    )
  )
)
