(expression
  (relation
    (shift_expression
      (simple_expression
        sign: SIGN_NEG,
        (term
          (factor_binary_operation
            (literal<v>
              (numeric_literal<v>
                (abstract_literal<v>
                  (decimal_literal
                    literal: 16, type: integer
                  )
                )
              )
            )
            (operator: EXPONENT),
            (literal<v>
              (numeric_literal<v>
                (abstract_literal<v>
                  (decimal_literal
                    literal: 2, type: integer
                  )
                )
              )
            )
          )
        )
      )
    )
  )
)
