(signal_declaration
  (identifier_list
    (identifier
      join
    )
  )
  (subtype_indication
    (resolution_function_name<v>
      (name<v>
        (identifier
          word
        )
      )
    )
    (type_mark<v>
      (name<v>
        (identifier
          wired_or
        )
      )
    )
  )
)
