(signal_declaration
  (identifier_list
    (identifier
      my_word
    )
  )
  (subtype_indication
    (type_mark<v>
      (name<v>
        (identifier
          word
        )
      )
    )
  )
  (expression
    (relation
      (shift_expression
        (simple_expression
          (term
            (primary<v>
              (literal<v>
                (bit_string_literal
                  base: HEX, literal: 01234567
                )
              )
            )
          )
        )
      )
    )
  )
)
