(port_clause
  (interface_list
    (interface_declaration<v>
      (interface_constant_declaration
        (identifier_list
          (identifier
            X
          ),
          (identifier
            Y
          ),
          (identifier
            Cin
          )
        )
        (in)
        (subtype_indication
          (type_mark<v>
            (name<v>
              (identifier
                Bit
              )
            )
          )
        )
      )
    ),
    (interface_declaration<v>
      (interface_signal_declaration
        (identifier_list
          (identifier
            Cout
          ),
          (identifier
            Sum
          )
        )
        (keyword
          OUT
        )
        (subtype_indication
          (type_mark<v>
            (name<v>
              (identifier
                Bit
              )
            )
          )
        )
      )
    )
  )
)
