(attribute_specification
  (identifier
    PIN_NO
  )
  (entity_specification
    (entity_name_list<v>
      (entity_designator
        (entity_tag<v>
          (identifier
            CIN
          )
        )
      )
    )
    (keyword
      SIGNAL
    )
  )
  (expression
    (relation
      (shift_expression
        (simple_expression
          (term
            (primary<v>
              (literal<v>
                (numeric_literal<v>
                  (abstract_literal<v>
                    (decimal_literal
                      literal: 10, type: integer
                    )
                  )
                )
              )
            )
          )
        )
      )
    )
  )
)
