(attribute_specification
  (attribute_designator
    (identifier
      IMPLEMENTATION
    )
  )
  (entity_specification
    (entity_name_list<v>
      (entity_designator
        (entity_tag<v>
          (identifier
            G1
          )
        )
      )
    )
    (keyword
      GROUP
    )
  )
  (expression
    (relation
      (shift_expression
        (simple_expression
          (term
            (primary<v>
              (literal<v>
                (string_literal
                  74LS152
                )
              )
            )
          )
        )
      )
    )
  )
)
