(parameter_specification
  (identifier
    identiifer
  )
  (discrete_range<v>
    (subtype_indication
      (resolution_function_name<v>
        (name<v>
          (identifier
            resolution_function_name
          )
        )
      )
      (type_mark<v>
        (name<v>
          (identifier
            type_mark
          )
        )
      )
      (constraint<v>
        (range<v>
          (simple_expression
            (term
              (primary<v>
                (literal<v>
                  (numeric_literal<v>
                    (abstract_literal<v>
                      (decimal_literal
                        literal: 42, type: integer
                      )
                    )
                  )
                )
              )
            )
          )
          (keyword
            DOWNTO
          )
          (simple_expression
            (term
              (primary<v>
                (literal<v>
                  (numeric_literal<v>
                    (abstract_literal<v>
                      (decimal_literal
                        literal: 0, type: integer
                      )
                    )
                  )
                )
              )
            )
          )
        )
      )
    )
  )
)
