(process_statement
  POSTPONED
  (sequence_of_statements
    (sequential_statement<v>
      (wait_statement
        (timeout_clause
          (expression
            (relation
              (shift_expression
                (simple_expression
                  (term
                    (primary<v>
                      (literal<v>
                        (numeric_literal<v>
                          (physical_literal
                            (abstract_literal<v>
                              (decimal_literal
                                literal: 0, type: integer
                              )
                            ),
                            (unit_name: ns)
                          )
                        )
                      )
                    )
                  )
                )
              )
            )
          )
        )
      )
    )
  )
)
