(constraint<v>
  (index_constraint
    (discrete_range<v>
      (subtype_indication
        (name<v>
          (identifier
            lhs
          )
        )
      )
    ),
    (discrete_range<v>
      (subtype_indication
        (name<v>
          (identifier
            rhs
          )
        )
      )
    )
  )
)
