(subprogram_body
  (subprogram_specification<v>
    PURE FUNCTION
    (designator<v>
      (identifier
        generator
      )
    )
    (interface_list
      (interface_declaration<v>
        (interface_constant_declaration
          (identifier_list
            (identifier
              din
            )
          )
          (subtype_indication
            (name<v>
              (identifier
                std_ulogic_vector
              )
            )
          )
        )
      )
    )
    (name<v>
      (identifier
        std_ulogic
      )
    )
  )
  (subprogram_declarative_part
    (subprogram_declarative_item<v>
      (variable_declaration
        (identifier_list
          (identifier
            t
          )
        )
        (subtype_indication
          (name<v>
            (identifier
              std_ulogic
            )
          )
        )
        (expression
          (relation
            (shift_expression
              (simple_expression
                (term
                  (primary<v>
                    (literal<v>
                      (enumeration_literal<v>
                        (character_literal
                          '0'
                        )
                      )
                    )
                  )
                )
              )
            )
          )
        )
      )
    )
  )
  (sequence_of_statements
    (sequential_statement<v>
      (return_statement
        (expression
          (relation
            (shift_expression
              (simple_expression
                (term
                  (primary<v>
                    (literal<v>
                      (enumeration_literal<v>
                        (character_literal
                          '0'
                        )
                      )
                    )
                  )
                )
              )
            )
          )
        )
      )
    )
  )
  (designator<v>
    (identifier
      parity_generator
    )
  )
)
