(component_declaration
  (identifier
    INV
  )
  (port_clause
    (interface_list
      (interface_declaration<v>
        (interface_constant_declaration
          (identifier_list
            (identifier
              A
            )
          )
          (in)
          (subtype_indication
            (type_mark<v>
              (name<v>
                (identifier
                  STD_LOGIC
                )
              )
            )
          )
        )
      ),
      (interface_declaration<v>
        (interface_signal_declaration
          (identifier_list
            (identifier
              F
            )
          )
          (keyword
            OUT
          )
          (subtype_indication
            (type_mark<v>
              (name<v>
                (identifier
                  STD_LOGIC
                )
              )
            )
          )
        )
      )
    )
  )
)
