(record_type_definition
  (element_declaration*
    (element_declaration
      (identifier_list
        (identifier
          Mnemonic
        )
      )
      (subtype_indication
        (type_mark<v>
          (name<v>
            (identifier
              String
            )
          )
        )
        (constraint<v>
          (index_constraint
            (discrete_range<v>
              (range<v>
                (simple_expression
                  (term
                    (primary<v>
                      (literal<v>
                        (numeric_literal<v>
                          (abstract_literal<v>
                            (decimal_literal
                              literal: 1, type: integer
                            )
                          )
                        )
                      )
                    )
                  )
                )
                (keyword
                  TO
                )
                (simple_expression
                  (term
                    (primary<v>
                      (literal<v>
                        (numeric_literal<v>
                          (abstract_literal<v>
                            (decimal_literal
                              literal: 10, type: integer
                            )
                          )
                        )
                      )
                    )
                  )
                )
              )
            )
          )
        )
      )
    ),
    (element_declaration
      (identifier_list
        (identifier
          OpCode
        )
      )
      (subtype_indication
        (type_mark<v>
          (name<v>
            (identifier
              Bit_Vector
            )
          )
        )
        (constraint<v>
          (index_constraint
            (discrete_range<v>
              (range<v>
                (simple_expression
                  (term
                    (primary<v>
                      (literal<v>
                        (numeric_literal<v>
                          (abstract_literal<v>
                            (decimal_literal
                              literal: 3, type: integer
                            )
                          )
                        )
                      )
                    )
                  )
                )
                (keyword
                  DOWNTO
                )
                (simple_expression
                  (term
                    (primary<v>
                      (literal<v>
                        (numeric_literal<v>
                          (abstract_literal<v>
                            (decimal_literal
                              literal: 0, type: integer
                            )
                          )
                        )
                      )
                    )
                  )
                )
              )
            )
          )
        )
      )
    ),
    (element_declaration
      (identifier_list
        (identifier
          Op1
        ),
        (identifier
          Op2
        ),
        (identifier
          Res
        )
      )
      (subtype_indication
        (type_mark<v>
          (name<v>
            (identifier
              RegName
            )
          )
        )
      )
    )
  )
)
