(case_statement
  (identifier
    switcher
  )
  (expression
    (relation
      (shift_expression
        (simple_expression
          (term
            (primary<v>
              (name<v>
                (identifier
                  input_A
                )
              )
            )
          )
        )
      )
    )
  )
  (case_statement_alternative
    (choices
      (choice<v>
        (simple_expression
          (term
            (primary<v>
              (literal<v>
                (string_literal
                  10
                )
              )
            )
          )
        )
      )
    )
    (sequence_of_statements
      (sequential_statement<v>
        (signal_assignment_statement
          (target<v>
            (name<v>
              (identifier
                output0
              )
            )
          )
          (waveform<v>
            (waveform_element
              (expression
                (relation
                  (shift_expression
                    (simple_expression
                      (term
                        (primary<v>
                          (literal<v>
                            (enumeration_literal<v>
                              (character_literal
                                '1'
                              )
                            )
                          )
                        )
                      )
                    )
                  )
                )
              )
            )
          )
        )
      )
    )
  ),
  (case_statement_alternative
    (choices
      (choice<v>
        (simple_expression
          (term
            (primary<v>
              (literal<v>
                (string_literal
                  01
                )
              )
            )
          )
        )
      )
    )
    (sequence_of_statements
      (sequential_statement<v>
        (signal_assignment_statement
          (target<v>
            (name<v>
              (identifier
                output1
              )
            )
          )
          (waveform<v>
            (waveform_element
              (expression
                (relation
                  (shift_expression
                    (simple_expression
                      (term
                        (primary<v>
                          (literal<v>
                            (enumeration_literal<v>
                              (character_literal
                                '1'
                              )
                            )
                          )
                        )
                      )
                    )
                  )
                )
              )
            )
          )
        )
      )
    )
  ),
  (case_statement_alternative
    (choices
      (choice<v>
        (keyword
          OTHERS
        )
      )
    )
    (sequence_of_statements
      (sequential_statement<v>
        (signal_assignment_statement
          (target<v>
            (name<v>
              (identifier
                output0
              )
            )
          )
          (waveform<v>
            (waveform_element
              (expression
                (relation
                  (shift_expression
                    (simple_expression
                      (term
                        (primary<v>
                          (literal<v>
                            (enumeration_literal<v>
                              (character_literal
                                'X'
                              )
                            )
                          )
                        )
                      )
                    )
                  )
                )
              )
            )
          )
        )
      ),
      (sequential_statement<v>
        (signal_assignment_statement
          (target<v>
            (name<v>
              (identifier
                output1
              )
            )
          )
          (waveform<v>
            (waveform_element
              (expression
                (relation
                  (shift_expression
                    (simple_expression
                      (term
                        (primary<v>
                          (literal<v>
                            (enumeration_literal<v>
                              (character_literal
                                'X'
                              )
                            )
                          )
                        )
                      )
                    )
                  )
                )
              )
            )
          )
        )
      )
    )
  )
  (identifier
    switcher
  )
)
