(sequential_statement<v>
  (case_statement
    (expression
      (relation
        (shift_expression
          (simple_expression
            (term
              (primary<v>
                (name<v>
                  (identifier
                    expression
                  )
                )
              )
            )
          )
        )
      )
    )
    (case_statement_alternative
      (choices
        (choice<v>
          (simple_expression
            (term
              (primary<v>
                (literal<v>
                  (string_literal
                    choices
                  )
                )
              )
            )
          )
        )
      )
      (sequence_of_statements
        (sequential_statement<v>
          (exit_statement
            
          )
        )
      )
    )
  )
)
