(interface_constant_declaration
  (constant)
  (identifier_list
    (identifier
      PERIOD
    )
  )
  (subtype_indication
    (type_mark<v>
      (name<v>
        (identifier
          time
        )
      )
    )
  )
  (expression
    (relation
      (shift_expression
        (simple_expression
          (term
            (primary<v>
              (literal<v>
                (numeric_literal<v>
                  (physical_literal
                    (abstract_literal<v>
                      (decimal_literal
                        literal: 10, type: integer
                      )
                    ),
                    (unit_name: ns)
                  )
                )
              )
            )
          )
        )
      )
    )
  )
)
