(component_instantiation_statement
  (identifier
    U3
  )
  (instantiated_unit<v>
    (entity
      (name<v>
        (identifier
          entity_name
        )
      )
      (identifier
        architecture_identifier
      )
    )
  )
  (generic_map_aspect
    (association_list
      (association_element
        (formal_part
          (formal_designator<v>
            (name<v>
              (identifier
                N
              )
            )
          )
        )
        (actual_part<v>
          (actual_designator<v>
            (expression
              (relation
                (shift_expression
                  (simple_expression
                    (term
                      (primary<v>
                        (literal<v>
                          (numeric_literal<v>
                            (abstract_literal<v>
                              (decimal_literal
                                literal: 8, type: integer
                              )
                            )
                          )
                        )
                      )
                    )
                  )
                )
              )
            )
          )
        )
      )
    )
  )
  (port_map_aspect
    (association_list
      (association_element
        (formal_part
          (formal_designator<v>
            (name<v>
              (identifier
                B
              )
            )
          )
        )
        (actual_part<v>
          (actual_designator<v>
            (expression
              (relation
                (shift_expression
                  (simple_expression
                    (term
                      (primary<v>
                        (name<v>
                          (identifier
                            Y
                          )
                        )
                      )
                    )
                  )
                )
              )
            )
          )
        )
      ),
      (association_element
        (formal_part
          (formal_designator<v>
            (name<v>
              (identifier
                C
              )
            )
          )
        )
        (actual_part<v>
          (actual_designator<v>
            (keyword
              OPEN
            )
          )
        )
      )
    )
  )
)
