(component_instantiation_statement
  (identifier
    U2
  )
  (instantiated_unit<v>
    (component
      (name<v>
        (identifier
          instantiated_unit
        )
      )
    )
  )
  (port_map_aspect
    (association_list
      (association_element
        (formal_part
          (formal_designator<v>
            (name<v>
              (identifier
                B
              )
            )
          )
        )
        (actual_part<v>
          (actual_designator<v>
            (name<v>
              (identifier
                Y
              )
            )
          )
        )
      ),
      (association_element
        (formal_part
          (formal_designator<v>
            (name<v>
              (identifier
                C
              )
            )
          )
        )
        (actual_part<v>
          (actual_designator<v>
            (keyword
              OPEN
            )
          )
        )
      )
    )
  )
)
