(entity_declaration
  (identifier
    BCD_Decoder
  )
  (entity_header
    (port_clause
      (interface_list
        (interface_declaration<v>
          (interface_constant_declaration
            (identifier_list
              (identifier
                BCD
              )
            )
            (in)
            (subtype_indication
              (type_mark<v>
                (name<v>
                  (identifier
                    Bit_Vector
                  )
                )
              )
              (constraint<v>
                (index_constraint
                  (discrete_range<v>
                    (range<v>
                      (simple_expression
                        (term
                          (primary<v>
                            (literal<v>
                              (numeric_literal<v>
                                (abstract_literal<v>
                                  (decimal_literal
                                    literal: 2, type: integer
                                  )
                                )
                              )
                            )
                          )
                        )
                      )
                      (keyword
                        DOWNTO
                      )
                      (simple_expression
                        (term
                          (primary<v>
                            (literal<v>
                              (numeric_literal<v>
                                (abstract_literal<v>
                                  (decimal_literal
                                    literal: 0, type: integer
                                  )
                                )
                              )
                            )
                          )
                        )
                      )
                    )
                  )
                )
              )
            )
          )
        ),
        (interface_declaration<v>
          (interface_constant_declaration
            (identifier_list
              (identifier
                Enable
              )
            )
            (in)
            (subtype_indication
              (type_mark<v>
                (name<v>
                  (identifier
                    Bit
                  )
                )
              )
            )
          )
        ),
        (interface_declaration<v>
          (interface_signal_declaration
            (identifier_list
              (identifier
                LED
              )
            )
            (keyword
              OUT
            )
            (subtype_indication
              (type_mark<v>
                (name<v>
                  (identifier
                    Std_Ulogic_Vector
                  )
                )
              )
              (constraint<v>
                (index_constraint
                  (discrete_range<v>
                    (range<v>
                      (simple_expression
                        (term
                          (primary<v>
                            (literal<v>
                              (numeric_literal<v>
                                (abstract_literal<v>
                                  (decimal_literal
                                    literal: 3, type: integer
                                  )
                                )
                              )
                            )
                          )
                        )
                      )
                      (keyword
                        DOWNTO
                      )
                      (simple_expression
                        (term
                          (primary<v>
                            (literal<v>
                              (numeric_literal<v>
                                (abstract_literal<v>
                                  (decimal_literal
                                    literal: 0, type: integer
                                  )
                                )
                              )
                            )
                          )
                        )
                      )
                    )
                  )
                )
              )
            )
          )
        )
      )
    )
  )
  (entity_declarative_part
    (entity_declarative_item<v>
      (constant_declaration
        (identifier_list
          (identifier
            ZERO
          )
        )
        (subtype_indication
          (type_mark<v>
            (name<v>
              (identifier
                Std_Ulogic_Vector
              )
            )
          )
          (constraint<v>
            (index_constraint
              (discrete_range<v>
                (range<v>
                  (simple_expression
                    (term
                      (primary<v>
                        (literal<v>
                          (numeric_literal<v>
                            (abstract_literal<v>
                              (decimal_literal
                                literal: 3, type: integer
                              )
                            )
                          )
                        )
                      )
                    )
                  )
                  (keyword
                    DOWNTO
                  )
                  (simple_expression
                    (term
                      (primary<v>
                        (literal<v>
                          (numeric_literal<v>
                            (abstract_literal<v>
                              (decimal_literal
                                literal: 0, type: integer
                              )
                            )
                          )
                        )
                      )
                    )
                  )
                )
              )
            )
          )
        )
        (expression
          (relation
            (shift_expression
              (simple_expression
                (term
                  (primary<v>
                    (literal<v>
                      (string_literal
                        0000
                      )
                    )
                  )
                )
              )
            )
          )
        )
      )
    )
  )
  (entity_statement_part
    (entity_statement<v>
      (concurrent_assertion_statement
        (assertion
          (expression
            (relation
              (shift_expression
                (simple_expression
                  (term
                    (primary<v>
                      (expression
                        (relation
                          (shift_expression
                            (simple_expression
                              (term
                                (primary<v>
                                  (name<v>
                                    (identifier
                                      BCD
                                    )
                                  )
                                )
                              )
                            )
                          ),
                          (operator: NOT_EQUALS),
                          (shift_expression
                            (simple_expression
                              (term
                                (primary<v>
                                  (literal<v>
                                    (string_literal
                                      111
                                    )
                                  )
                                )
                              )
                            )
                          )
                        )
                      )
                    )
                  )
                )
              )
            )
          )
          (assertion.report
            (expression
              (relation
                (shift_expression
                  (simple_expression
                    (term
                      (primary<v>
                        (literal<v>
                          (string_literal
                            BCD = 7 
                          )
                        )
                      )
                    )
                  )
                )
              )
            )
          )
          (assertion.severity
            (expression
              (relation
                (shift_expression
                  (simple_expression
                    (term
                      (primary<v>
                        (name<v>
                          (identifier
                            note
                          )
                        )
                      )
                    )
                  )
                )
              )
            )
          )
        )
      )
    )
  )
  (identifier
    BCD_Decoder
  )
)
