(constant_declaration
  (identifier_list
    (identifier
      TOLERANCE
    )
  )
  (subtype_indication
    (name<v>
      (identifier
        DISTANCE
      )
    )
  )
  (expression
    (relation
      (shift_expression
        (simple_expression
          (term
            (primary<v>
              (literal<v>
                (numeric_literal<v>
                  (physical_literal
                    literal: (abstract_literal<v>
                      (decimal_literal
                        literal: 1.5, hint: double
                      )
                    ),
                    unit: nm
                  )
                )
              )
            )
          )
        )
      )
    )
  )
)
