(constant_declaration
  (identifier_list
    (identifier
      CYCLE_TIME
    ),
    (identifier
      RESET_TIME
    )
  )
  (subtype_indication
    (name<v>
      (identifier
        TIME
      )
    )
  )
  (expression
    (relation
      (shift_expression
        (simple_expression
          (term
            (primary<v>
              (literal<v>
                (numeric_literal<v>
                  (physical_literal
                    literal: (abstract_literal<v>
                      (decimal_literal
                        literal: 100, hint: int
                      )
                    ),
                    unit: ns
                  )
                )
              )
            )
          )
        )
      )
    )
  )
)
