(primary<v>
  (aggregate
    (element_association
      (choices
        (choice<v>
          (simple_expression
            (term
              (primary<v>
                (name<v>
                  (identifier
                    ex1
                  )
                )
              )
            )
          )
        )
      )
      (expression
        (relation
          (shift_expression
            (simple_expression
              (term
                (primary<v>
                  (literal<v>
                    (numeric_literal<v>
                      (abstract_literal<v>
                        (decimal_literal
                          literal: 2, type: integer
                        )
                      )
                    )
                  )
                )
              )
            )
          )
        )
      )
    ),
    (element_association
      (choices
        (choice<v>
          (simple_expression
            (term
              (primary<v>
                (name<v>
                  (identifier
                    ex2
                  )
                )
              )
            )
          )
        ),
        (choice<v>
          (simple_expression
            (term
              (primary<v>
                (name<v>
                  (identifier
                    ex3
                  )
                )
              )
            )
          )
        )
      )
      (expression
        (relation
          (shift_expression
            (simple_expression
              (term
                (primary<v>
                  (literal<v>
                    (numeric_literal<v>
                      (abstract_literal<v>
                        (decimal_literal
                          literal: 5, type: integer
                        )
                      )
                    )
                  )
                )
              )
            )
          )
        )
      )
    )
  )
)
