(package_body
  (identifier
    AUXILIARY
  )
  (package_body_declarative_part
    (package_body_declarative_item<v>
      (constant_declaration
        (identifier_list
          (identifier
            Deferred_Con
          )
        )
        (subtype_indication
          (type_mark<v>
            (name<v>
              (identifier
                Integer
              )
            )
          )
        )
        (expression
          (relation
            (shift_expression
              (simple_expression
                (term
                  (primary<v>
                    (literal<v>
                      (numeric_literal<v>
                        (abstract_literal<v>
                          (decimal_literal
                            literal: 177, type: integer
                          )
                        )
                      )
                    )
                  )
                )
              )
            )
          )
        )
      )
    )
  )
  (identifier
    AUXILIARY
  )
)
