(disconnection_specification
  (guarded_signal_specification
    (signal_list<v>
      (keyword
        ALL
      )
    )
    (name<v>
      (identifier
        T
      )
    )
  )
  (expression
    (relation
      (shift_expression
        (simple_expression
          (term
            (primary<v>
              (literal<v>
                (numeric_literal<v>
                  (physical_literal
                    literal: (abstract_literal<v>
                      (decimal_literal
                        literal: 0, hint: int
                      )
                    ),
                    unit: ns
                  )
                )
              )
            )
          )
        )
      )
    )
  )
)
